[backblue.gif]
[fade.gif]
[index.html]
[olympicpayroll.com/modules/orchard.themes/Content/olympic.ico]
[olympicpayroll.com/Themes/Terra/js/jquery.min.js]
[olympicpayroll.com/Themes/Terra/js/jquery.cookie.js]
[olympicpayroll.com/Themes/Terra/js/bootstrap.min.js]
[olympicpayroll.com/Themes/Terra/js/BindMENU.js]
[olympicpayroll.com/Themes/Terra/js/fix-responsive-WP8.js]
[olympicpayroll.com/Themes/Terra/js/initilizations.js]
[olympicpayroll.com/Themes/Terra/js/jquery.nivo.slider.pack.js]
[olympicpayroll.com/Media/Default/Photos/logo_long_handle.png]
[olympicpayroll.com/Media/Default/Photos/Site/free_woman12.png]
[olympicpayroll.com/Media/Default/Photos/Site/payroll_icon.png]
[olympicpayroll.com/Media/Default/Photos/Site/workerscomp_icon.png]
[olympicpayroll.com/Media/Default/Photos/Site/human_resource_icon.png]
[olympicpayroll.com/Media/Default/Photos/Site/timeAndAttendance_icon2.png]
[olympicpayroll.com/Media/Default/Photos/Site/flame_smaller5.png]
[olympicpayroll.com/Media/Default/Photos/Site/start_button_smaller2.png]
[olympicpayroll.com/Media/Default/Photos/Site/puzzle-gray4.png]
[olympicpayroll.com/Media/Default/Photos/Site/try-it-arrow3.png]
[olympicpayroll.com/index.html]
[olympicpayroll.com/Themes/Terra/styles/fonts/fontawesome-webfont93e3.eot]
[olympicpayroll.com/Themes/Terra/styles/fonts/fontawesome-webfontd41d.eot]
[olympicpayroll.com/Themes/Terra/styles/fonts/fontawesome-webfont93e3.woff2]
[olympicpayroll.com/Themes/Terra/styles/fonts/fontawesome-webfont93e3.woff]
[olympicpayroll.com/Themes/Terra/styles/fonts/fontawesome-webfont93e3.ttf]
[olympicpayroll.com/Themes/Terra/styles/css/font-awesome.min.css]
[olympicpayroll.com/Themes/Terra/Content/Images/bg.transp.tile-wavecut.png]
[olympicpayroll.com/Themes/Terra/Content/Images/search.gif]
[olympicpayroll.com/Themes/Terra/Styles/site.css]
[olympicpayroll.com/Media/Default/Photos/Site/window_bg_lowres.jpg]
[olympicpayroll.com/Media/Default/Photos/Site/handshake2.png]
[olympicpayroll.com/Media/Default/Photos/Site/help_desk_three_people10.jpg]
[olympicpayroll.com/Media/Default/Photos/Site/try-it-bg3.jpg]
[olympicpayroll.com/Media/Default/Photos/Site/calculator_pen_lowres.jpg]
[olympicpayroll.com/Media/Default/Photos/Site/beyond_payroll9.jpg]
[olympicpayroll.com/Media/Default/Photos/Site/worker_helmet3.png]
[olympicpayroll.com/Media/Default/Photos/Site/people_group4.png]
[olympicpayroll.com/Media/Default/Photos/Site/clock_bg2.png]
[olympicpayroll.com/Media/Default/Photos/Site/retirements_a.png]
[olympicpayroll.com/Media/Default/Photos/Site/digital_border3.png]
[olympicpayroll.com/Media/Default/Photos/Site/restaurant_utinsils4.png]
[olympicpayroll.com/Media/Default/Photos/Site/globe2.png]
[olympicpayroll.com/Media/Default/Photos/Site/construction_icon3.png]
[olympicpayroll.com/Media/Default/Photos/Site/construction_sprite_smaller3.png]
[olympicpayroll.com/Media/Default/Photos/Site/online_sprite_smaller3.png]
[olympicpayroll.com/Media/Default/Photos/Site/waiter_sprite_smaller3.png]
[olympicpayroll.com/Media/Default/Photos/Site/representativeBg2.png]
[olympicpayroll.com/Media/Default/Photos/Site/representative2.jpg]
[olympicpayroll.com/Media/Default/Photos/Site/paint_splash_blue_smaller.png]
[olympicpayroll.com/Media/Default/Photos/Site/payroll-features_03.png]
[olympicpayroll.com/Media/Default/Photos/Site/payroll-features-bg2-d.png]
[olympicpayroll.com/Media/Default/Photos/Site/logo_flame_gray3.png]
[olympicpayroll.com/Media/Default/Photos/Site/mission-arrow2.png]
[olympicpayroll.com/Media/Default/Photos/Site/contact_us3.png]
[olympicpayroll.com/Themes/Terra/Styles/custom.css]
[olympicpayroll.com/Themes/Terra/styles/css/index.html]
[olympicpayroll.com/payroll-main.html]
[olympicpayroll.com/Media/Default/Photos/Site/doctors10.png]
[olympicpayroll.com/Media/Default/Photos/Site/time_clock3.png]
[olympicpayroll.com/Media/Default/Photos/Site/retirement_w468.png]
[olympicpayroll.com/Media/Default/Photos/Site/employee_screening4.png]
[olympicpayroll.com/other-services.html]
[olympicpayroll.com/Modules/Orchard.jQuery/scripts/jquery-1.11.1.js]
[olympicpayroll.com/Media/Default/Photos/Site/best_price6.png]
[olympicpayroll.com/Modules/oforms/scripts/jquery.validate.min.js]
[olympicpayroll.com/Modules/oforms/scripts/additional-methods.min.js]
[olympicpayroll.com/getquote.html]
[olympicpayroll.com/Media/Default/Photos/Site/OlympicOffice_smaller.jpg]
[olympicpayroll.com/about-us.html]
[olympicpayroll.com/Media/Default/Photos/Site/table_sign_free_quote.png]
[olympicpayroll.com/contact-us.html]
[olympicpayroll.com/Themes/Terra/styles/fonts/fontawesome-webfont93e3.svg]
[olympicpayroll.com/Media/Default/Photos/Site/checkmark_blue.png]
[olympicpayroll.com/Media/Default/Photos/Site/leaf.png]
[olympicpayroll.com/Media/Default/Photos/Site/imac_computer_w468.png]
[olympicpayroll.com/Media/Default/Photos/Site/integration_w468.png]
[olympicpayroll.com/Media/Default/Photos/Site/checkmark_marble_b3.png]
[olympicpayroll.com/Media/Default/Photos/Site/ipad_iphone_w468-1.png]
[olympicpayroll.com/payroll-features2.html]
[olympicpayroll.com/Media/Default/Photos/Site/restaurant.jpg]
[olympicpayroll.com/Media/Default/Photos/Site/help_desk2.jpg]
[olympicpayroll.com/Media/Default/Photos/Site/construction2.jpg]
[olympicpayroll.com/payroll-types.html]
[olympicpayroll.com/Modules/oforms/Styles/cmxform.css]
